// Jest Snapshot v1, https://goo.gl/fbAQLP

exports[`Header should match snapshot 1`] = `
ShallowWrapper {
  Symbol(enzyme.__root__): [Circular],
  Symbol(enzyme.__unrendered__): <Header
    googleSignIn={[MockFunction]}
    signOut={[MockFunction]}
    user={Object {}}
  />,
  Symbol(enzyme.__renderer__): Object {
    "batchedUpdates": [Function],
    "checkPropTypes": [Function],
    "getNode": [Function],
    "render": [Function],
    "simulateError": [Function],
    "simulateEvent": [Function],
    "unmount": [Function],
  },
  Symbol(enzyme.__node__): Object {
    "instance": null,
    "key": undefined,
    "nodeType": "host",
    "props": Object {
      "children": <WithStyles(AppBar)
        position="static"
      >
        <WithStyles(Toolbar)>
          <WithStyles(IconButton)
            aria-label="Menu"
            className={null}
            color="inherit"
          >
            <pure(MenuIcon) />
          </WithStyles(IconButton)>
          <WithStyles(Typography)
            className={null}
            color="inherit"
            variant="h6"
          >
            Catholic Gators Admin
          </WithStyles(Typography)>
          <div>
            <WithStyles(IconButton)
              aria-haspopup="true"
              color="inherit"
              id="avatar-btn"
              onClick={[Function]}
            >
              <WithStyles(Avatar) />
            </WithStyles(IconButton)>
            <WithStyles(Menu)
              anchorEl={null}
              anchorOrigin={
                Object {
                  "horizontal": "right",
                  "vertical": "top",
                }
              }
              id="menu"
              onClose={[Function]}
              open={false}
              transformOrigin={
                Object {
                  "horizontal": "right",
                  "vertical": "top",
                }
              }
            >
              <WithStyles(MenuItem)
                id="logout"
                onClick={[Function]}
              >
                Logout
              </WithStyles(MenuItem)>
            </WithStyles(Menu)>
          </div>
        </WithStyles(Toolbar)>
      </WithStyles(AppBar)>,
      "className": null,
    },
    "ref": null,
    "rendered": Object {
      "instance": null,
      "key": undefined,
      "nodeType": "class",
      "props": Object {
        "children": <WithStyles(Toolbar)>
          <WithStyles(IconButton)
            aria-label="Menu"
            className={null}
            color="inherit"
          >
            <pure(MenuIcon) />
          </WithStyles(IconButton)>
          <WithStyles(Typography)
            className={null}
            color="inherit"
            variant="h6"
          >
            Catholic Gators Admin
          </WithStyles(Typography)>
          <div>
            <WithStyles(IconButton)
              aria-haspopup="true"
              color="inherit"
              id="avatar-btn"
              onClick={[Function]}
            >
              <WithStyles(Avatar) />
            </WithStyles(IconButton)>
            <WithStyles(Menu)
              anchorEl={null}
              anchorOrigin={
                Object {
                  "horizontal": "right",
                  "vertical": "top",
                }
              }
              id="menu"
              onClose={[Function]}
              open={false}
              transformOrigin={
                Object {
                  "horizontal": "right",
                  "vertical": "top",
                }
              }
            >
              <WithStyles(MenuItem)
                id="logout"
                onClick={[Function]}
              >
                Logout
              </WithStyles(MenuItem)>
            </WithStyles(Menu)>
          </div>
        </WithStyles(Toolbar)>,
        "position": "static",
      },
      "ref": null,
      "rendered": Object {
        "instance": null,
        "key": undefined,
        "nodeType": "class",
        "props": Object {
          "children": Array [
            <WithStyles(IconButton)
              aria-label="Menu"
              className={null}
              color="inherit"
            >
              <pure(MenuIcon) />
            </WithStyles(IconButton)>,
            <WithStyles(Typography)
              className={null}
              color="inherit"
              variant="h6"
            >
              Catholic Gators Admin
            </WithStyles(Typography)>,
            <div>
              <WithStyles(IconButton)
                aria-haspopup="true"
                color="inherit"
                id="avatar-btn"
                onClick={[Function]}
              >
                <WithStyles(Avatar) />
              </WithStyles(IconButton)>
              <WithStyles(Menu)
                anchorEl={null}
                anchorOrigin={
                  Object {
                    "horizontal": "right",
                    "vertical": "top",
                  }
                }
                id="menu"
                onClose={[Function]}
                open={false}
                transformOrigin={
                  Object {
                    "horizontal": "right",
                    "vertical": "top",
                  }
                }
              >
                <WithStyles(MenuItem)
                  id="logout"
                  onClick={[Function]}
                >
                  Logout
                </WithStyles(MenuItem)>
              </WithStyles(Menu)>
            </div>,
          ],
        },
        "ref": null,
        "rendered": Array [
          Object {
            "instance": null,
            "key": undefined,
            "nodeType": "class",
            "props": Object {
              "aria-label": "Menu",
              "children": <pure(MenuIcon) />,
              "className": null,
              "color": "inherit",
            },
            "ref": null,
            "rendered": Object {
              "instance": null,
              "key": undefined,
              "nodeType": "class",
              "props": Object {},
              "ref": null,
              "rendered": null,
              "type": [Function],
            },
            "type": [Function],
          },
          Object {
            "instance": null,
            "key": undefined,
            "nodeType": "class",
            "props": Object {
              "children": "Catholic Gators Admin",
              "className": null,
              "color": "inherit",
              "variant": "h6",
            },
            "ref": null,
            "rendered": "Catholic Gators Admin",
            "type": [Function],
          },
          Object {
            "instance": null,
            "key": undefined,
            "nodeType": "host",
            "props": Object {
              "children": Array [
                <WithStyles(IconButton)
                  aria-haspopup="true"
                  color="inherit"
                  id="avatar-btn"
                  onClick={[Function]}
                >
                  <WithStyles(Avatar) />
                </WithStyles(IconButton)>,
                <WithStyles(Menu)
                  anchorEl={null}
                  anchorOrigin={
                    Object {
                      "horizontal": "right",
                      "vertical": "top",
                    }
                  }
                  id="menu"
                  onClose={[Function]}
                  open={false}
                  transformOrigin={
                    Object {
                      "horizontal": "right",
                      "vertical": "top",
                    }
                  }
                >
                  <WithStyles(MenuItem)
                    id="logout"
                    onClick={[Function]}
                  >
                    Logout
                  </WithStyles(MenuItem)>
                </WithStyles(Menu)>,
              ],
            },
            "ref": null,
            "rendered": Array [
              Object {
                "instance": null,
                "key": undefined,
                "nodeType": "class",
                "props": Object {
                  "aria-haspopup": "true",
                  "aria-owns": undefined,
                  "children": <WithStyles(Avatar) />,
                  "color": "inherit",
                  "id": "avatar-btn",
                  "onClick": [Function],
                },
                "ref": null,
                "rendered": Object {
                  "instance": null,
                  "key": undefined,
                  "nodeType": "class",
                  "props": Object {
                    "src": undefined,
                  },
                  "ref": null,
                  "rendered": null,
                  "type": [Function],
                },
                "type": [Function],
              },
              Object {
                "instance": null,
                "key": undefined,
                "nodeType": "class",
                "props": Object {
                  "anchorEl": null,
                  "anchorOrigin": Object {
                    "horizontal": "right",
                    "vertical": "top",
                  },
                  "children": <WithStyles(MenuItem)
                    id="logout"
                    onClick={[Function]}
                  >
                    Logout
                  </WithStyles(MenuItem)>,
                  "id": "menu",
                  "onClose": [Function],
                  "open": false,
                  "transformOrigin": Object {
                    "horizontal": "right",
                    "vertical": "top",
                  },
                },
                "ref": null,
                "rendered": Object {
                  "instance": null,
                  "key": undefined,
                  "nodeType": "class",
                  "props": Object {
                    "children": "Logout",
                    "id": "logout",
                    "onClick": [Function],
                  },
                  "ref": null,
                  "rendered": "Logout",
                  "type": [Function],
                },
                "type": [Function],
              },
            ],
            "type": "div",
          },
        ],
        "type": [Function],
      },
      "type": [Function],
    },
    "type": "div",
  },
  Symbol(enzyme.__nodes__): Array [
    Object {
      "instance": null,
      "key": undefined,
      "nodeType": "host",
      "props": Object {
        "children": <WithStyles(AppBar)
          position="static"
        >
          <WithStyles(Toolbar)>
            <WithStyles(IconButton)
              aria-label="Menu"
              className={null}
              color="inherit"
            >
              <pure(MenuIcon) />
            </WithStyles(IconButton)>
            <WithStyles(Typography)
              className={null}
              color="inherit"
              variant="h6"
            >
              Catholic Gators Admin
            </WithStyles(Typography)>
            <div>
              <WithStyles(IconButton)
                aria-haspopup="true"
                color="inherit"
                id="avatar-btn"
                onClick={[Function]}
              >
                <WithStyles(Avatar) />
              </WithStyles(IconButton)>
              <WithStyles(Menu)
                anchorEl={null}
                anchorOrigin={
                  Object {
                    "horizontal": "right",
                    "vertical": "top",
                  }
                }
                id="menu"
                onClose={[Function]}
                open={false}
                transformOrigin={
                  Object {
                    "horizontal": "right",
                    "vertical": "top",
                  }
                }
              >
                <WithStyles(MenuItem)
                  id="logout"
                  onClick={[Function]}
                >
                  Logout
                </WithStyles(MenuItem)>
              </WithStyles(Menu)>
            </div>
          </WithStyles(Toolbar)>
        </WithStyles(AppBar)>,
        "className": null,
      },
      "ref": null,
      "rendered": Object {
        "instance": null,
        "key": undefined,
        "nodeType": "class",
        "props": Object {
          "children": <WithStyles(Toolbar)>
            <WithStyles(IconButton)
              aria-label="Menu"
              className={null}
              color="inherit"
            >
              <pure(MenuIcon) />
            </WithStyles(IconButton)>
            <WithStyles(Typography)
              className={null}
              color="inherit"
              variant="h6"
            >
              Catholic Gators Admin
            </WithStyles(Typography)>
            <div>
              <WithStyles(IconButton)
                aria-haspopup="true"
                color="inherit"
                id="avatar-btn"
                onClick={[Function]}
              >
                <WithStyles(Avatar) />
              </WithStyles(IconButton)>
              <WithStyles(Menu)
                anchorEl={null}
                anchorOrigin={
                  Object {
                    "horizontal": "right",
                    "vertical": "top",
                  }
                }
                id="menu"
                onClose={[Function]}
                open={false}
                transformOrigin={
                  Object {
                    "horizontal": "right",
                    "vertical": "top",
                  }
                }
              >
                <WithStyles(MenuItem)
                  id="logout"
                  onClick={[Function]}
                >
                  Logout
                </WithStyles(MenuItem)>
              </WithStyles(Menu)>
            </div>
          </WithStyles(Toolbar)>,
          "position": "static",
        },
        "ref": null,
        "rendered": Object {
          "instance": null,
          "key": undefined,
          "nodeType": "class",
          "props": Object {
            "children": Array [
              <WithStyles(IconButton)
                aria-label="Menu"
                className={null}
                color="inherit"
              >
                <pure(MenuIcon) />
              </WithStyles(IconButton)>,
              <WithStyles(Typography)
                className={null}
                color="inherit"
                variant="h6"
              >
                Catholic Gators Admin
              </WithStyles(Typography)>,
              <div>
                <WithStyles(IconButton)
                  aria-haspopup="true"
                  color="inherit"
                  id="avatar-btn"
                  onClick={[Function]}
                >
                  <WithStyles(Avatar) />
                </WithStyles(IconButton)>
                <WithStyles(Menu)
                  anchorEl={null}
                  anchorOrigin={
                    Object {
                      "horizontal": "right",
                      "vertical": "top",
                    }
                  }
                  id="menu"
                  onClose={[Function]}
                  open={false}
                  transformOrigin={
                    Object {
                      "horizontal": "right",
                      "vertical": "top",
                    }
                  }
                >
                  <WithStyles(MenuItem)
                    id="logout"
                    onClick={[Function]}
                  >
                    Logout
                  </WithStyles(MenuItem)>
                </WithStyles(Menu)>
              </div>,
            ],
          },
          "ref": null,
          "rendered": Array [
            Object {
              "instance": null,
              "key": undefined,
              "nodeType": "class",
              "props": Object {
                "aria-label": "Menu",
                "children": <pure(MenuIcon) />,
                "className": null,
                "color": "inherit",
              },
              "ref": null,
              "rendered": Object {
                "instance": null,
                "key": undefined,
                "nodeType": "class",
                "props": Object {},
                "ref": null,
                "rendered": null,
                "type": [Function],
              },
              "type": [Function],
            },
            Object {
              "instance": null,
              "key": undefined,
              "nodeType": "class",
              "props": Object {
                "children": "Catholic Gators Admin",
                "className": null,
                "color": "inherit",
                "variant": "h6",
              },
              "ref": null,
              "rendered": "Catholic Gators Admin",
              "type": [Function],
            },
            Object {
              "instance": null,
              "key": undefined,
              "nodeType": "host",
              "props": Object {
                "children": Array [
                  <WithStyles(IconButton)
                    aria-haspopup="true"
                    color="inherit"
                    id="avatar-btn"
                    onClick={[Function]}
                  >
                    <WithStyles(Avatar) />
                  </WithStyles(IconButton)>,
                  <WithStyles(Menu)
                    anchorEl={null}
                    anchorOrigin={
                      Object {
                        "horizontal": "right",
                        "vertical": "top",
                      }
                    }
                    id="menu"
                    onClose={[Function]}
                    open={false}
                    transformOrigin={
                      Object {
                        "horizontal": "right",
                        "vertical": "top",
                      }
                    }
                  >
                    <WithStyles(MenuItem)
                      id="logout"
                      onClick={[Function]}
                    >
                      Logout
                    </WithStyles(MenuItem)>
                  </WithStyles(Menu)>,
                ],
              },
              "ref": null,
              "rendered": Array [
                Object {
                  "instance": null,
                  "key": undefined,
                  "nodeType": "class",
                  "props": Object {
                    "aria-haspopup": "true",
                    "aria-owns": undefined,
                    "children": <WithStyles(Avatar) />,
                    "color": "inherit",
                    "id": "avatar-btn",
                    "onClick": [Function],
                  },
                  "ref": null,
                  "rendered": Object {
                    "instance": null,
                    "key": undefined,
                    "nodeType": "class",
                    "props": Object {
                      "src": undefined,
                    },
                    "ref": null,
                    "rendered": null,
                    "type": [Function],
                  },
                  "type": [Function],
                },
                Object {
                  "instance": null,
                  "key": undefined,
                  "nodeType": "class",
                  "props": Object {
                    "anchorEl": null,
                    "anchorOrigin": Object {
                      "horizontal": "right",
                      "vertical": "top",
                    },
                    "children": <WithStyles(MenuItem)
                      id="logout"
                      onClick={[Function]}
                    >
                      Logout
                    </WithStyles(MenuItem)>,
                    "id": "menu",
                    "onClose": [Function],
                    "open": false,
                    "transformOrigin": Object {
                      "horizontal": "right",
                      "vertical": "top",
                    },
                  },
                  "ref": null,
                  "rendered": Object {
                    "instance": null,
                    "key": undefined,
                    "nodeType": "class",
                    "props": Object {
                      "children": "Logout",
                      "id": "logout",
                      "onClick": [Function],
                    },
                    "ref": null,
                    "rendered": "Logout",
                    "type": [Function],
                  },
                  "type": [Function],
                },
              ],
              "type": "div",
            },
          ],
          "type": [Function],
        },
        "type": [Function],
      },
      "type": "div",
    },
  ],
  Symbol(enzyme.__options__): Object {
    "adapter": ReactSixteenAdapter {
      "options": Object {
        "enableComponentDidUpdateOnSetState": true,
        "legacyContextMode": "parent",
        "lifecycles": Object {
          "componentDidUpdate": Object {
            "onSetState": true,
          },
          "getChildContext": Object {
            "calledByRenderer": false,
          },
          "getDerivedStateFromProps": true,
          "getSnapshotBeforeUpdate": true,
          "setState": Object {
            "skipsComponentDidUpdateOnNullish": true,
          },
        },
      },
    },
  },
}
`;
